// Vitest Snapshot v1, https://vitest.dev/guide/snapshot.html

exports[`fix should add missing semicolons 1`] = `
"// semicolons should be added
const test = 1;
console.log(test);
"
`;

exports[`unused variables with leading underscore should be allowed 1`] = `
"// unused variables with underscores are allowed
const _unused = 'I am unused';

const _alsoUnused = 'Me too';
"
`;
