// Vitest Snapshot v1, https://vitest.dev/guide/snapshot.html

exports[`enforces component arrow-function definition 1`] = `
"const Component = () => {
  return <div />;
};

export default Component;
"
`;
